<?xml version="1.0" encoding="UTF-8"?>
<TestRun id="f7a0d80d-45fe-40a8-9025-9ba08238fc9a" name="admin@ADMIN-PC 2015-10-08 10:29:18" runUser="admin-PC\admin" xmlns="http://microsoft.com/schemas/VisualStudio/TeamTest/2010">
  <TestSettings name="Local" id="9ad66556-e6a8-4430-a7ec-98e16b258229">
    <Description>These are default test settings for a local test run.</Description>
    <Deployment runDeploymentRoot="admin_ADMIN-PC 2015-10-08 10_29_18">
      <DeploymentItem filename="C:\Users\admin\Desktop\Oct_2015-master\Day01\GuessingGameLib\bin\Debug\GuessingGameLib.dll" />
    </Deployment>
    <Execution>
      <TestTypeSpecific>
        <UnitTestRunConfig testTypeId="13cdc9d9-ddb5-4fa4-a97d-d965ccfc6d4b">
          <AssemblyResolution>
            <TestDirectory useLoadContext="true" />
          </AssemblyResolution>
        </UnitTestRunConfig>
        <WebTestRunConfiguration testTypeId="4e7599fa-5ecb-43e9-a887-cd63cf72d207">
          <Browser name="Internet Explorer 7.0">
            <Headers>
              <Header name="User-Agent" value="Mozilla/4.0 (compatible; MSIE 7.0; Windows NT 5.1)" />
              <Header name="Accept" value="*/*" />
              <Header name="Accept-Language" value="{{$IEAcceptLanguage}}" />
              <Header name="Accept-Encoding" value="GZIP" />
            </Headers>
          </Browser>
        </WebTestRunConfiguration>
      </TestTypeSpecific>
      <AgentRule name="LocalMachineDefaultRole">
        <DataCollectors>
          <DataCollector uri="datacollector://microsoft/CodeCoverage/1.0" assemblyQualifiedName="Microsoft.VisualStudio.TestTools.CodeCoverage.CoveragePlugIn, Microsoft.VisualStudio.QualityTools.Plugins.CodeCoverage, Version=10.0.0.0, Culture=neutral, PublicKeyToken=b03f5f7f11d50a3a" friendlyName="Code Coverage">
            <Configuration>
              <CodeCoverage xmlns="">
                <Regular>
                  <CodeCoverageItem binaryFile="C:\Users\admin\Desktop\Oct_2015-master\Day01\GuessingGameLib\bin\Debug\GuessingGameLib.dll" pdbFile="C:\Users\admin\Desktop\Oct_2015-master\Day01\GuessingGameLib\bin\Debug\GuessingGameLib.instr.pdb" instrumentInPlace="true" />
                </Regular>
              </CodeCoverage>
            </Configuration>
          </DataCollector>
        </DataCollectors>
      </AgentRule>
    </Execution>
  </TestSettings>
  <Times creation="2015-10-08T10:29:18.1187864+05:30" queuing="2015-10-08T10:29:20.4899905+05:30" start="2015-10-08T10:29:20.5679907+05:30" finish="2015-10-08T10:29:22.4711940+05:30" />
  <ResultSummary outcome="Completed">
    <Counters total="18" executed="18" passed="18" error="0" failed="0" timeout="0" aborted="0" inconclusive="0" passedButRunAborted="0" notRunnable="0" notExecuted="0" disconnected="0" warning="0" completed="0" inProgress="0" pending="0" />
    <ResultFiles>
      <ResultFile path="ADMIN-PC\data.coverage" />
    </ResultFiles>
  </ResultSummary>
  <TestDefinitions>
    <UnitTest name="TestRecheckMessageForANewGame" storage="c:\users\admin\desktop\oct_2015-master\day01\guessinggametest\bin\debug\guessinggametest.dll" id="14989ee5-f920-4cba-5464-815fc8d69ce4">
      <Execution id="a58cc14e-4827-4477-ac50-2192b77868ae" />
      <TestMethod codeBase="C:/Users/admin/Desktop/Oct_2015-master/Day01/GuessingGameTest/bin/Debug/GuessingGameTest.DLL" adapterTypeName="Microsoft.VisualStudio.TestTools.TestTypes.Unit.UnitTestAdapter, Microsoft.VisualStudio.QualityTools.Tips.UnitTest.Adapter, Version=10.0.0.0, Culture=neutral, PublicKeyToken=b03f5f7f11d50a3a" className="GuessingGameTest.GameTest, GuessingGameTest, Version=1.0.0.0, Culture=neutral, PublicKeyToken=null" name="TestRecheckMessageForANewGame" />
    </UnitTest>
    <UnitTest name="TestYouHaveGotIt" storage="c:\users\admin\desktop\oct_2015-master\day01\guessinggametest\bin\debug\guessinggametest.dll" id="82b5fb27-e007-2126-2427-9ad63de48e6a">
      <Execution id="0a9ef6b1-140c-49a0-9b05-6d1f888a90ec" />
      <TestMethod codeBase="C:/Users/admin/Desktop/Oct_2015-master/Day01/GuessingGameTest/bin/Debug/GuessingGameTest.DLL" adapterTypeName="Microsoft.VisualStudio.TestTools.TestTypes.Unit.UnitTestAdapter, Microsoft.VisualStudio.QualityTools.Tips.UnitTest.Adapter, Version=10.0.0.0, Culture=neutral, PublicKeyToken=b03f5f7f11d50a3a" className="GuessingGameTest.GameTest, GuessingGameTest, Version=1.0.0.0, Culture=neutral, PublicKeyToken=null" name="TestYouHaveGotIt" />
    </UnitTest>
    <UnitTest name="TestRecheckAttemptsForANewGame" storage="c:\users\admin\desktop\oct_2015-master\day01\guessinggametest\bin\debug\guessinggametest.dll" id="2c41f2d0-09ea-b0b6-73bf-e7ef8d1c3ed7">
      <Execution id="4b5523d2-cf99-4414-81ed-5c4270cb16b7" />
      <TestMethod codeBase="C:/Users/admin/Desktop/Oct_2015-master/Day01/GuessingGameTest/bin/Debug/GuessingGameTest.DLL" adapterTypeName="Microsoft.VisualStudio.TestTools.TestTypes.Unit.UnitTestAdapter, Microsoft.VisualStudio.QualityTools.Tips.UnitTest.Adapter, Version=10.0.0.0, Culture=neutral, PublicKeyToken=b03f5f7f11d50a3a" className="GuessingGameTest.GameTest, GuessingGameTest, Version=1.0.0.0, Culture=neutral, PublicKeyToken=null" name="TestRecheckAttemptsForANewGame" />
    </UnitTest>
    <UnitTest name="TestSetUp" storage="c:\users\admin\desktop\oct_2015-master\day01\guessinggametest\bin\debug\guessinggametest.dll" id="11253453-90e8-6ca1-392d-2547973a3227">
      <Execution id="d2e03f53-1e9a-43fc-aee7-3af6f7bef639" />
      <TestMethod codeBase="C:/Users/admin/Desktop/Oct_2015-master/Day01/GuessingGameTest/bin/Debug/GuessingGameTest.DLL" adapterTypeName="Microsoft.VisualStudio.TestTools.TestTypes.Unit.UnitTestAdapter, Microsoft.VisualStudio.QualityTools.Tips.UnitTest.Adapter, Version=10.0.0.0, Culture=neutral, PublicKeyToken=b03f5f7f11d50a3a" className="GuessingGameTest.GameTest, GuessingGameTest, Version=1.0.0.0, Culture=neutral, PublicKeyToken=null" name="TestSetUp" />
    </UnitTest>
    <UnitTest name="TestPlayGameAfterItIsOver" storage="c:\users\admin\desktop\oct_2015-master\day01\guessinggametest\bin\debug\guessinggametest.dll" id="f9df3825-19bf-bb57-b484-2e9d65882f4b">
      <Execution id="6bfed6df-729a-4872-b779-909bf8e885e5" />
      <TestMethod codeBase="C:/Users/admin/Desktop/Oct_2015-master/Day01/GuessingGameTest/bin/Debug/GuessingGameTest.DLL" adapterTypeName="Microsoft.VisualStudio.TestTools.TestTypes.Unit.UnitTestAdapter, Microsoft.VisualStudio.QualityTools.Tips.UnitTest.Adapter, Version=10.0.0.0, Culture=neutral, PublicKeyToken=b03f5f7f11d50a3a" className="GuessingGameTest.GameTest, GuessingGameTest, Version=1.0.0.0, Culture=neutral, PublicKeyToken=null" name="TestPlayGameAfterItIsOver" />
    </UnitTest>
    <UnitTest name="TestRandomNumberIsGeneratedInTheBeginning" storage="c:\users\admin\desktop\oct_2015-master\day01\guessinggametest\bin\debug\guessinggametest.dll" id="1a1c144d-ce73-aa9b-570a-49bad93ff6fa">
      <Execution id="e71e7365-0156-48c7-b74b-cb013549ee06" />
      <TestMethod codeBase="C:/Users/admin/Desktop/Oct_2015-master/Day01/GuessingGameTest/bin/Debug/GuessingGameTest.DLL" adapterTypeName="Microsoft.VisualStudio.TestTools.TestTypes.Unit.UnitTestAdapter, Microsoft.VisualStudio.QualityTools.Tips.UnitTest.Adapter, Version=10.0.0.0, Culture=neutral, PublicKeyToken=b03f5f7f11d50a3a" className="GuessingGameTest.GameTest, GuessingGameTest, Version=1.0.0.0, Culture=neutral, PublicKeyToken=null" name="TestRandomNumberIsGeneratedInTheBeginning" />
    </UnitTest>
    <UnitTest name="TestAttempts" storage="c:\users\admin\desktop\oct_2015-master\day01\guessinggametest\bin\debug\guessinggametest.dll" id="ba3762ce-ee2e-7e82-7a8e-6f0cbfc87847">
      <Execution id="2e874bbc-d680-4be3-865c-116db851cc27" />
      <TestMethod codeBase="C:/Users/admin/Desktop/Oct_2015-master/Day01/GuessingGameTest/bin/Debug/GuessingGameTest.DLL" adapterTypeName="Microsoft.VisualStudio.TestTools.TestTypes.Unit.UnitTestAdapter, Microsoft.VisualStudio.QualityTools.Tips.UnitTest.Adapter, Version=10.0.0.0, Culture=neutral, PublicKeyToken=b03f5f7f11d50a3a" className="GuessingGameTest.GameTest, GuessingGameTest, Version=1.0.0.0, Culture=neutral, PublicKeyToken=null" name="TestAttempts" />
    </UnitTest>
    <UnitTest name="TestPromptToPlayANewGame" storage="c:\users\admin\desktop\oct_2015-master\day01\guessinggametest\bin\debug\guessinggametest.dll" id="2a2b8345-fe8d-b0d8-2cce-5d11b1338f45">
      <Execution id="35fb3617-9cc7-4cba-a73d-e1c4ada6a048" />
      <TestMethod codeBase="C:/Users/admin/Desktop/Oct_2015-master/Day01/GuessingGameTest/bin/Debug/GuessingGameTest.DLL" adapterTypeName="Microsoft.VisualStudio.TestTools.TestTypes.Unit.UnitTestAdapter, Microsoft.VisualStudio.QualityTools.Tips.UnitTest.Adapter, Version=10.0.0.0, Culture=neutral, PublicKeyToken=b03f5f7f11d50a3a" className="GuessingGameTest.GameTest, GuessingGameTest, Version=1.0.0.0, Culture=neutral, PublicKeyToken=null" name="TestPromptToPlayANewGame" />
    </UnitTest>
    <UnitTest name="TestInvalidInput" storage="c:\users\admin\desktop\oct_2015-master\day01\guessinggametest\bin\debug\guessinggametest.dll" id="77d43181-15d8-b97d-99c1-c41ccb8a1638">
      <Execution id="32988012-c6e1-4129-92a4-01ed5d7ca896" />
      <TestMethod codeBase="C:/Users/admin/Desktop/Oct_2015-master/Day01/GuessingGameTest/bin/Debug/GuessingGameTest.DLL" adapterTypeName="Microsoft.VisualStudio.TestTools.TestTypes.Unit.UnitTestAdapter, Microsoft.VisualStudio.QualityTools.Tips.UnitTest.Adapter, Version=10.0.0.0, Culture=neutral, PublicKeyToken=b03f5f7f11d50a3a" className="GuessingGameTest.GameTest, GuessingGameTest, Version=1.0.0.0, Culture=neutral, PublicKeyToken=null" name="TestInvalidInput" />
    </UnitTest>
    <UnitTest name="TestAimHigher" storage="c:\users\admin\desktop\oct_2015-master\day01\guessinggametest\bin\debug\guessinggametest.dll" id="ceb44132-f167-0714-303f-b1094fb0239e">
      <Execution id="84ed5f52-d449-42af-8eec-8a7ac27b6337" />
      <TestMethod codeBase="C:/Users/admin/Desktop/Oct_2015-master/Day01/GuessingGameTest/bin/Debug/GuessingGameTest.DLL" adapterTypeName="Microsoft.VisualStudio.TestTools.TestTypes.Unit.UnitTestAdapter, Microsoft.VisualStudio.QualityTools.Tips.UnitTest.Adapter, Version=10.0.0.0, Culture=neutral, PublicKeyToken=b03f5f7f11d50a3a" className="GuessingGameTest.GameTest, GuessingGameTest, Version=1.0.0.0, Culture=neutral, PublicKeyToken=null" name="TestAimHigher" />
    </UnitTest>
    <UnitTest name="TestGameOverInTheBeginning" storage="c:\users\admin\desktop\oct_2015-master\day01\guessinggametest\bin\debug\guessinggametest.dll" id="d333fb74-d101-998c-99ac-1cde3db19dde">
      <Execution id="dfd4f435-4623-42bb-bdbe-368119710ac8" />
      <TestMethod codeBase="C:/Users/admin/Desktop/Oct_2015-master/Day01/GuessingGameTest/bin/Debug/GuessingGameTest.DLL" adapterTypeName="Microsoft.VisualStudio.TestTools.TestTypes.Unit.UnitTestAdapter, Microsoft.VisualStudio.QualityTools.Tips.UnitTest.Adapter, Version=10.0.0.0, Culture=neutral, PublicKeyToken=b03f5f7f11d50a3a" className="GuessingGameTest.GameTest, GuessingGameTest, Version=1.0.0.0, Culture=neutral, PublicKeyToken=null" name="TestGameOverInTheBeginning" />
    </UnitTest>
    <UnitTest name="TestAttemptsToBe0InTheBeginning" storage="c:\users\admin\desktop\oct_2015-master\day01\guessinggametest\bin\debug\guessinggametest.dll" id="fcc68d57-966b-cdc0-85b4-f08f288561ba">
      <Execution id="02d15e2c-5531-4ffa-b3af-d8a921ae1b86" />
      <TestMethod codeBase="C:/Users/admin/Desktop/Oct_2015-master/Day01/GuessingGameTest/bin/Debug/GuessingGameTest.DLL" adapterTypeName="Microsoft.VisualStudio.TestTools.TestTypes.Unit.UnitTestAdapter, Microsoft.VisualStudio.QualityTools.Tips.UnitTest.Adapter, Version=10.0.0.0, Culture=neutral, PublicKeyToken=b03f5f7f11d50a3a" className="GuessingGameTest.GameTest, GuessingGameTest, Version=1.0.0.0, Culture=neutral, PublicKeyToken=null" name="TestAttemptsToBe0InTheBeginning" />
    </UnitTest>
    <UnitTest name="TestStoreResultsBeforeGameIsOver" storage="c:\users\admin\desktop\oct_2015-master\day01\guessinggametest\bin\debug\guessinggametest.dll" id="a237c4d9-82e1-6a4f-8908-45a6d1d61949">
      <Execution id="8c751860-6451-45cc-98f2-b9056cfa481e" />
      <TestMethod codeBase="C:/Users/admin/Desktop/Oct_2015-master/Day01/GuessingGameTest/bin/Debug/GuessingGameTest.DLL" adapterTypeName="Microsoft.VisualStudio.TestTools.TestTypes.Unit.UnitTestAdapter, Microsoft.VisualStudio.QualityTools.Tips.UnitTest.Adapter, Version=10.0.0.0, Culture=neutral, PublicKeyToken=b03f5f7f11d50a3a" className="GuessingGameTest.GameTest, GuessingGameTest, Version=1.0.0.0, Culture=neutral, PublicKeyToken=null" name="TestStoreResultsBeforeGameIsOver" />
    </UnitTest>
    <UnitTest name="TestRecheckTargetForANewGame" storage="c:\users\admin\desktop\oct_2015-master\day01\guessinggametest\bin\debug\guessinggametest.dll" id="00193f25-a6a9-b907-11b9-1ed9b64c0056">
      <Execution id="27a0ffe6-35bc-4282-967e-046d7545947d" />
      <TestMethod codeBase="C:/Users/admin/Desktop/Oct_2015-master/Day01/GuessingGameTest/bin/Debug/GuessingGameTest.DLL" adapterTypeName="Microsoft.VisualStudio.TestTools.TestTypes.Unit.UnitTestAdapter, Microsoft.VisualStudio.QualityTools.Tips.UnitTest.Adapter, Version=10.0.0.0, Culture=neutral, PublicKeyToken=b03f5f7f11d50a3a" className="GuessingGameTest.GameTest, GuessingGameTest, Version=1.0.0.0, Culture=neutral, PublicKeyToken=null" name="TestRecheckTargetForANewGame" />
    </UnitTest>
    <UnitTest name="TestStoreResultsAfterGameIsOver" storage="c:\users\admin\desktop\oct_2015-master\day01\guessinggametest\bin\debug\guessinggametest.dll" id="5d188e60-30fe-f978-9d27-8ad2c529c019">
      <Execution id="5cd60197-a5bb-4946-98f2-768bb42fc150" />
      <TestMethod codeBase="C:/Users/admin/Desktop/Oct_2015-master/Day01/GuessingGameTest/bin/Debug/GuessingGameTest.DLL" adapterTypeName="Microsoft.VisualStudio.TestTools.TestTypes.Unit.UnitTestAdapter, Microsoft.VisualStudio.QualityTools.Tips.UnitTest.Adapter, Version=10.0.0.0, Culture=neutral, PublicKeyToken=b03f5f7f11d50a3a" className="GuessingGameTest.GameTest, GuessingGameTest, Version=1.0.0.0, Culture=neutral, PublicKeyToken=null" name="TestStoreResultsAfterGameIsOver" />
    </UnitTest>
    <UnitTest name="TestMessageToBeNullInTheBeginning" storage="c:\users\admin\desktop\oct_2015-master\day01\guessinggametest\bin\debug\guessinggametest.dll" id="05bdf578-6d83-1759-a4fc-8a1031728afb">
      <Execution id="665a54b5-e4c3-41a5-b2ba-fefe44f1eca6" />
      <TestMethod codeBase="C:/Users/admin/Desktop/Oct_2015-master/Day01/GuessingGameTest/bin/Debug/GuessingGameTest.DLL" adapterTypeName="Microsoft.VisualStudio.TestTools.TestTypes.Unit.UnitTestAdapter, Microsoft.VisualStudio.QualityTools.Tips.UnitTest.Adapter, Version=10.0.0.0, Culture=neutral, PublicKeyToken=b03f5f7f11d50a3a" className="GuessingGameTest.GameTest, GuessingGameTest, Version=1.0.0.0, Culture=neutral, PublicKeyToken=null" name="TestMessageToBeNullInTheBeginning" />
    </UnitTest>
    <UnitTest name="TestAimLower" storage="c:\users\admin\desktop\oct_2015-master\day01\guessinggametest\bin\debug\guessinggametest.dll" id="b7d9ed4e-6982-6de5-6f20-55251a5ee62a">
      <Execution id="553f5356-36bc-4677-b0e8-e1259b6f64ad" />
      <TestMethod codeBase="C:/Users/admin/Desktop/Oct_2015-master/Day01/GuessingGameTest/bin/Debug/GuessingGameTest.DLL" adapterTypeName="Microsoft.VisualStudio.TestTools.TestTypes.Unit.UnitTestAdapter, Microsoft.VisualStudio.QualityTools.Tips.UnitTest.Adapter, Version=10.0.0.0, Culture=neutral, PublicKeyToken=b03f5f7f11d50a3a" className="GuessingGameTest.GameTest, GuessingGameTest, Version=1.0.0.0, Culture=neutral, PublicKeyToken=null" name="TestAimLower" />
    </UnitTest>
    <UnitTest name="TestPlayANewGameWhenTheExistingGameIsInProgress" storage="c:\users\admin\desktop\oct_2015-master\day01\guessinggametest\bin\debug\guessinggametest.dll" id="479aae6d-442e-d15c-932e-7295043af9ef">
      <Execution id="2c6e2493-9359-4f1a-bfa3-cd1cf2446a2d" />
      <TestMethod codeBase="C:/Users/admin/Desktop/Oct_2015-master/Day01/GuessingGameTest/bin/Debug/GuessingGameTest.DLL" adapterTypeName="Microsoft.VisualStudio.TestTools.TestTypes.Unit.UnitTestAdapter, Microsoft.VisualStudio.QualityTools.Tips.UnitTest.Adapter, Version=10.0.0.0, Culture=neutral, PublicKeyToken=b03f5f7f11d50a3a" className="GuessingGameTest.GameTest, GuessingGameTest, Version=1.0.0.0, Culture=neutral, PublicKeyToken=null" name="TestPlayANewGameWhenTheExistingGameIsInProgress" />
    </UnitTest>
  </TestDefinitions>
  <TestLists>
    <TestList name="Results Not in a List" id="8c84fa94-04c1-424b-9868-57a2d4851a1d" />
    <TestList name="All Loaded Results" id="19431567-8539-422a-85d7-44ee4e166bda" />
  </TestLists>
  <TestEntries>
    <TestEntry testId="00193f25-a6a9-b907-11b9-1ed9b64c0056" executionId="27a0ffe6-35bc-4282-967e-046d7545947d" testListId="8c84fa94-04c1-424b-9868-57a2d4851a1d" />
    <TestEntry testId="05bdf578-6d83-1759-a4fc-8a1031728afb" executionId="665a54b5-e4c3-41a5-b2ba-fefe44f1eca6" testListId="8c84fa94-04c1-424b-9868-57a2d4851a1d" />
    <TestEntry testId="11253453-90e8-6ca1-392d-2547973a3227" executionId="d2e03f53-1e9a-43fc-aee7-3af6f7bef639" testListId="8c84fa94-04c1-424b-9868-57a2d4851a1d" />
    <TestEntry testId="14989ee5-f920-4cba-5464-815fc8d69ce4" executionId="a58cc14e-4827-4477-ac50-2192b77868ae" testListId="8c84fa94-04c1-424b-9868-57a2d4851a1d" />
    <TestEntry testId="1a1c144d-ce73-aa9b-570a-49bad93ff6fa" executionId="e71e7365-0156-48c7-b74b-cb013549ee06" testListId="8c84fa94-04c1-424b-9868-57a2d4851a1d" />
    <TestEntry testId="2a2b8345-fe8d-b0d8-2cce-5d11b1338f45" executionId="35fb3617-9cc7-4cba-a73d-e1c4ada6a048" testListId="8c84fa94-04c1-424b-9868-57a2d4851a1d" />
    <TestEntry testId="2c41f2d0-09ea-b0b6-73bf-e7ef8d1c3ed7" executionId="4b5523d2-cf99-4414-81ed-5c4270cb16b7" testListId="8c84fa94-04c1-424b-9868-57a2d4851a1d" />
    <TestEntry testId="479aae6d-442e-d15c-932e-7295043af9ef" executionId="2c6e2493-9359-4f1a-bfa3-cd1cf2446a2d" testListId="8c84fa94-04c1-424b-9868-57a2d4851a1d" />
    <TestEntry testId="5d188e60-30fe-f978-9d27-8ad2c529c019" executionId="5cd60197-a5bb-4946-98f2-768bb42fc150" testListId="8c84fa94-04c1-424b-9868-57a2d4851a1d" />
    <TestEntry testId="77d43181-15d8-b97d-99c1-c41ccb8a1638" executionId="32988012-c6e1-4129-92a4-01ed5d7ca896" testListId="8c84fa94-04c1-424b-9868-57a2d4851a1d" />
    <TestEntry testId="82b5fb27-e007-2126-2427-9ad63de48e6a" executionId="0a9ef6b1-140c-49a0-9b05-6d1f888a90ec" testListId="8c84fa94-04c1-424b-9868-57a2d4851a1d" />
    <TestEntry testId="a237c4d9-82e1-6a4f-8908-45a6d1d61949" executionId="8c751860-6451-45cc-98f2-b9056cfa481e" testListId="8c84fa94-04c1-424b-9868-57a2d4851a1d" />
    <TestEntry testId="b7d9ed4e-6982-6de5-6f20-55251a5ee62a" executionId="553f5356-36bc-4677-b0e8-e1259b6f64ad" testListId="8c84fa94-04c1-424b-9868-57a2d4851a1d" />
    <TestEntry testId="ba3762ce-ee2e-7e82-7a8e-6f0cbfc87847" executionId="2e874bbc-d680-4be3-865c-116db851cc27" testListId="8c84fa94-04c1-424b-9868-57a2d4851a1d" />
    <TestEntry testId="ceb44132-f167-0714-303f-b1094fb0239e" executionId="84ed5f52-d449-42af-8eec-8a7ac27b6337" testListId="8c84fa94-04c1-424b-9868-57a2d4851a1d" />
    <TestEntry testId="d333fb74-d101-998c-99ac-1cde3db19dde" executionId="dfd4f435-4623-42bb-bdbe-368119710ac8" testListId="8c84fa94-04c1-424b-9868-57a2d4851a1d" />
    <TestEntry testId="f9df3825-19bf-bb57-b484-2e9d65882f4b" executionId="6bfed6df-729a-4872-b779-909bf8e885e5" testListId="8c84fa94-04c1-424b-9868-57a2d4851a1d" />
    <TestEntry testId="fcc68d57-966b-cdc0-85b4-f08f288561ba" executionId="02d15e2c-5531-4ffa-b3af-d8a921ae1b86" testListId="8c84fa94-04c1-424b-9868-57a2d4851a1d" />
  </TestEntries>
  <Results>
    <UnitTestResult executionId="27a0ffe6-35bc-4282-967e-046d7545947d" testId="00193f25-a6a9-b907-11b9-1ed9b64c0056" testName="TestRecheckTargetForANewGame" computerName="ADMIN-PC" duration="00:00:00.0216709" startTime="2015-10-08T10:29:21.0515915+05:30" endTime="2015-10-08T10:29:21.1763918+05:30" testType="13cdc9d9-ddb5-4fa4-a97d-d965ccfc6d4b" outcome="Passed" testListId="8c84fa94-04c1-424b-9868-57a2d4851a1d" relativeResultsDirectory="27a0ffe6-35bc-4282-967e-046d7545947d">
    </UnitTestResult>
    <UnitTestResult executionId="665a54b5-e4c3-41a5-b2ba-fefe44f1eca6" testId="05bdf578-6d83-1759-a4fc-8a1031728afb" testName="TestMessageToBeNullInTheBeginning" computerName="ADMIN-PC" duration="00:00:00.0006012" startTime="2015-10-08T10:29:21.1763918+05:30" endTime="2015-10-08T10:29:21.1919918+05:30" testType="13cdc9d9-ddb5-4fa4-a97d-d965ccfc6d4b" outcome="Passed" testListId="8c84fa94-04c1-424b-9868-57a2d4851a1d" relativeResultsDirectory="665a54b5-e4c3-41a5-b2ba-fefe44f1eca6">
    </UnitTestResult>
    <UnitTestResult executionId="d2e03f53-1e9a-43fc-aee7-3af6f7bef639" testId="11253453-90e8-6ca1-392d-2547973a3227" testName="TestSetUp" computerName="ADMIN-PC" duration="00:00:00.0001128" startTime="2015-10-08T10:29:21.1919918+05:30" endTime="2015-10-08T10:29:21.1919918+05:30" testType="13cdc9d9-ddb5-4fa4-a97d-d965ccfc6d4b" outcome="Passed" testListId="8c84fa94-04c1-424b-9868-57a2d4851a1d" relativeResultsDirectory="d2e03f53-1e9a-43fc-aee7-3af6f7bef639">
    </UnitTestResult>
    <UnitTestResult executionId="a58cc14e-4827-4477-ac50-2192b77868ae" testId="14989ee5-f920-4cba-5464-815fc8d69ce4" testName="TestRecheckMessageForANewGame" computerName="ADMIN-PC" duration="00:00:00.0002138" startTime="2015-10-08T10:29:21.1919918+05:30" endTime="2015-10-08T10:29:21.1919918+05:30" testType="13cdc9d9-ddb5-4fa4-a97d-d965ccfc6d4b" outcome="Passed" testListId="8c84fa94-04c1-424b-9868-57a2d4851a1d" relativeResultsDirectory="a58cc14e-4827-4477-ac50-2192b77868ae">
    </UnitTestResult>
    <UnitTestResult executionId="e71e7365-0156-48c7-b74b-cb013549ee06" testId="1a1c144d-ce73-aa9b-570a-49bad93ff6fa" testName="TestRandomNumberIsGeneratedInTheBeginning" computerName="ADMIN-PC" duration="00:00:00.0001374" startTime="2015-10-08T10:29:21.1919918+05:30" endTime="2015-10-08T10:29:21.1919918+05:30" testType="13cdc9d9-ddb5-4fa4-a97d-d965ccfc6d4b" outcome="Passed" testListId="8c84fa94-04c1-424b-9868-57a2d4851a1d" relativeResultsDirectory="e71e7365-0156-48c7-b74b-cb013549ee06">
    </UnitTestResult>
    <UnitTestResult executionId="35fb3617-9cc7-4cba-a73d-e1c4ada6a048" testId="2a2b8345-fe8d-b0d8-2cce-5d11b1338f45" testName="TestPromptToPlayANewGame" computerName="ADMIN-PC" duration="00:00:00.0001656" startTime="2015-10-08T10:29:21.1919918+05:30" endTime="2015-10-08T10:29:21.2075918+05:30" testType="13cdc9d9-ddb5-4fa4-a97d-d965ccfc6d4b" outcome="Passed" testListId="8c84fa94-04c1-424b-9868-57a2d4851a1d" relativeResultsDirectory="35fb3617-9cc7-4cba-a73d-e1c4ada6a048">
    </UnitTestResult>
    <UnitTestResult executionId="4b5523d2-cf99-4414-81ed-5c4270cb16b7" testId="2c41f2d0-09ea-b0b6-73bf-e7ef8d1c3ed7" testName="TestRecheckAttemptsForANewGame" computerName="ADMIN-PC" duration="00:00:00.0001616" startTime="2015-10-08T10:29:21.2075918+05:30" endTime="2015-10-08T10:29:21.2075918+05:30" testType="13cdc9d9-ddb5-4fa4-a97d-d965ccfc6d4b" outcome="Passed" testListId="8c84fa94-04c1-424b-9868-57a2d4851a1d" relativeResultsDirectory="4b5523d2-cf99-4414-81ed-5c4270cb16b7">
    </UnitTestResult>
    <UnitTestResult executionId="2c6e2493-9359-4f1a-bfa3-cd1cf2446a2d" testId="479aae6d-442e-d15c-932e-7295043af9ef" testName="TestPlayANewGameWhenTheExistingGameIsInProgress" computerName="ADMIN-PC" duration="00:00:00.0016675" startTime="2015-10-08T10:29:21.2075918+05:30" endTime="2015-10-08T10:29:21.2075918+05:30" testType="13cdc9d9-ddb5-4fa4-a97d-d965ccfc6d4b" outcome="Passed" testListId="8c84fa94-04c1-424b-9868-57a2d4851a1d" relativeResultsDirectory="2c6e2493-9359-4f1a-bfa3-cd1cf2446a2d">
    </UnitTestResult>
    <UnitTestResult executionId="5cd60197-a5bb-4946-98f2-768bb42fc150" testId="5d188e60-30fe-f978-9d27-8ad2c529c019" testName="TestStoreResultsAfterGameIsOver" computerName="ADMIN-PC" duration="00:00:00.0005308" startTime="2015-10-08T10:29:21.2075918+05:30" endTime="2015-10-08T10:29:21.2075918+05:30" testType="13cdc9d9-ddb5-4fa4-a97d-d965ccfc6d4b" outcome="Passed" testListId="8c84fa94-04c1-424b-9868-57a2d4851a1d" relativeResultsDirectory="5cd60197-a5bb-4946-98f2-768bb42fc150">
    </UnitTestResult>
    <UnitTestResult executionId="32988012-c6e1-4129-92a4-01ed5d7ca896" testId="77d43181-15d8-b97d-99c1-c41ccb8a1638" testName="TestInvalidInput" computerName="ADMIN-PC" duration="00:00:00.0003706" startTime="2015-10-08T10:29:21.2231918+05:30" endTime="2015-10-08T10:29:21.2231918+05:30" testType="13cdc9d9-ddb5-4fa4-a97d-d965ccfc6d4b" outcome="Passed" testListId="8c84fa94-04c1-424b-9868-57a2d4851a1d" relativeResultsDirectory="32988012-c6e1-4129-92a4-01ed5d7ca896">
    </UnitTestResult>
    <UnitTestResult executionId="0a9ef6b1-140c-49a0-9b05-6d1f888a90ec" testId="82b5fb27-e007-2126-2427-9ad63de48e6a" testName="TestYouHaveGotIt" computerName="ADMIN-PC" duration="00:00:00.0001559" startTime="2015-10-08T10:29:21.2231918+05:30" endTime="2015-10-08T10:29:21.2231918+05:30" testType="13cdc9d9-ddb5-4fa4-a97d-d965ccfc6d4b" outcome="Passed" testListId="8c84fa94-04c1-424b-9868-57a2d4851a1d" relativeResultsDirectory="0a9ef6b1-140c-49a0-9b05-6d1f888a90ec">
    </UnitTestResult>
    <UnitTestResult executionId="8c751860-6451-45cc-98f2-b9056cfa481e" testId="a237c4d9-82e1-6a4f-8908-45a6d1d61949" testName="TestStoreResultsBeforeGameIsOver" computerName="ADMIN-PC" duration="00:00:00.0004213" startTime="2015-10-08T10:29:21.2231918+05:30" endTime="2015-10-08T10:29:21.2231918+05:30" testType="13cdc9d9-ddb5-4fa4-a97d-d965ccfc6d4b" outcome="Passed" testListId="8c84fa94-04c1-424b-9868-57a2d4851a1d" relativeResultsDirectory="8c751860-6451-45cc-98f2-b9056cfa481e">
    </UnitTestResult>
    <UnitTestResult executionId="553f5356-36bc-4677-b0e8-e1259b6f64ad" testId="b7d9ed4e-6982-6de5-6f20-55251a5ee62a" testName="TestAimLower" computerName="ADMIN-PC" duration="00:00:00.0001565" startTime="2015-10-08T10:29:21.2231918+05:30" endTime="2015-10-08T10:29:21.2387919+05:30" testType="13cdc9d9-ddb5-4fa4-a97d-d965ccfc6d4b" outcome="Passed" testListId="8c84fa94-04c1-424b-9868-57a2d4851a1d" relativeResultsDirectory="553f5356-36bc-4677-b0e8-e1259b6f64ad">
    </UnitTestResult>
    <UnitTestResult executionId="2e874bbc-d680-4be3-865c-116db851cc27" testId="ba3762ce-ee2e-7e82-7a8e-6f0cbfc87847" testName="TestAttempts" computerName="ADMIN-PC" duration="00:00:00.0005927" startTime="2015-10-08T10:29:21.2387919+05:30" endTime="2015-10-08T10:29:21.2387919+05:30" testType="13cdc9d9-ddb5-4fa4-a97d-d965ccfc6d4b" outcome="Passed" testListId="8c84fa94-04c1-424b-9868-57a2d4851a1d" relativeResultsDirectory="2e874bbc-d680-4be3-865c-116db851cc27">
    </UnitTestResult>
    <UnitTestResult executionId="84ed5f52-d449-42af-8eec-8a7ac27b6337" testId="ceb44132-f167-0714-303f-b1094fb0239e" testName="TestAimHigher" computerName="ADMIN-PC" duration="00:00:00.0001559" startTime="2015-10-08T10:29:21.2387919+05:30" endTime="2015-10-08T10:29:21.2387919+05:30" testType="13cdc9d9-ddb5-4fa4-a97d-d965ccfc6d4b" outcome="Passed" testListId="8c84fa94-04c1-424b-9868-57a2d4851a1d" relativeResultsDirectory="84ed5f52-d449-42af-8eec-8a7ac27b6337">
    </UnitTestResult>
    <UnitTestResult executionId="dfd4f435-4623-42bb-bdbe-368119710ac8" testId="d333fb74-d101-998c-99ac-1cde3db19dde" testName="TestGameOverInTheBeginning" computerName="ADMIN-PC" duration="00:00:00.0001126" startTime="2015-10-08T10:29:21.2387919+05:30" endTime="2015-10-08T10:29:21.2387919+05:30" testType="13cdc9d9-ddb5-4fa4-a97d-d965ccfc6d4b" outcome="Passed" testListId="8c84fa94-04c1-424b-9868-57a2d4851a1d" relativeResultsDirectory="dfd4f435-4623-42bb-bdbe-368119710ac8">
    </UnitTestResult>
    <UnitTestResult executionId="6bfed6df-729a-4872-b779-909bf8e885e5" testId="f9df3825-19bf-bb57-b484-2e9d65882f4b" testName="TestPlayGameAfterItIsOver" computerName="ADMIN-PC" duration="00:00:00.0005673" startTime="2015-10-08T10:29:21.2387919+05:30" endTime="2015-10-08T10:29:21.2543919+05:30" testType="13cdc9d9-ddb5-4fa4-a97d-d965ccfc6d4b" outcome="Passed" testListId="8c84fa94-04c1-424b-9868-57a2d4851a1d" relativeResultsDirectory="6bfed6df-729a-4872-b779-909bf8e885e5">
    </UnitTestResult>
    <UnitTestResult executionId="02d15e2c-5531-4ffa-b3af-d8a921ae1b86" testId="fcc68d57-966b-cdc0-85b4-f08f288561ba" testName="TestAttemptsToBe0InTheBeginning" computerName="ADMIN-PC" duration="00:00:00.0001126" startTime="2015-10-08T10:29:21.2543919+05:30" endTime="2015-10-08T10:29:21.2543919+05:30" testType="13cdc9d9-ddb5-4fa4-a97d-d965ccfc6d4b" outcome="Passed" testListId="8c84fa94-04c1-424b-9868-57a2d4851a1d" relativeResultsDirectory="02d15e2c-5531-4ffa-b3af-d8a921ae1b86">
    </UnitTestResult>
  </Results>
</TestRun>